[     0.1s] 90 recordings x 1 arms -> arm_combined.tsv
[    72.2s] [1/90] sub-0000_task-thermalactive_run-2_eeg: combined: gamma 0.976 comb -0.14 peaks 0
[    79.3s] [2/90] sub-0000_task-thermalactive_run-3_eeg: combined: gamma 0.976 comb -0.28 peaks 3
[    82.3s] [3/90] sub-0000_task-thermalactive_run-1_eeg: combined: gamma 0.977 comb -0.15 peaks 1
[   143.4s] [4/90] sub-0000_task-thermalactive_run-5_eeg: combined: gamma 0.971 comb -0.14 peaks 1
[   148.8s] [5/90] sub-0000_task-thermalactive_run-4_eeg: combined: gamma 0.896 comb +0.00 peaks 15
[   150.6s] [6/90] sub-0000_task-thermalactive_run-6_eeg: combined: gamma 0.968 comb -0.27 peaks 3
[   211.8s] [7/90] sub-0001_task-thermalactive_run-2_eeg: combined: gamma 0.994 comb -0.15 peaks 1
[   212.4s] [8/90] sub-0001_task-thermalactive_run-1_eeg: combined: gamma 0.913 comb -0.40 peaks 3
[   219.8s] [9/90] sub-0001_task-thermalactive_run-3_eeg: combined: gamma 0.953 comb -0.19 peaks 3
[   280.6s] [10/90] sub-0001_task-thermalactive_run-4_eeg: combined: gamma 0.966 comb +0.00 peaks 1
[   287.0s] [11/90] sub-0001_task-thermalactive_run-6_eeg: combined: gamma 0.935 comb -0.31 peaks 5
[   289.3s] [12/90] sub-0001_task-thermalactive_run-5_eeg: combined: gamma 0.908 comb -0.41 peaks 5
[   346.7s] [13/90] sub-0003_task-thermalactive_run-1_eeg: combined: gamma 0.691 comb -6.54 peaks 15
[   348.6s] [14/90] sub-0003_task-thermalactive_run-2_eeg: combined: gamma 0.988 comb -0.09 peaks 0
[   354.8s] [15/90] sub-0003_task-thermalactive_run-3_eeg: combined: gamma 0.913 comb -0.12 peaks 10
[   409.0s] [16/90] sub-0003_task-thermalactive_run-4_eeg: combined: gamma 0.977 comb -0.10 peaks 0
[   416.6s] [17/90] sub-0003_task-thermalactive_run-6_eeg: combined: gamma 0.911 comb -0.07 peaks 1
[   419.7s] [18/90] sub-0003_task-thermalactive_run-5_eeg: combined: gamma 0.962 comb -0.19 peaks 2
[   476.9s] [19/90] sub-0004_task-thermalactive_run-1_eeg: combined: gamma 0.947 comb -0.13 peaks 1
[   481.6s] [20/90] sub-0004_task-thermalactive_run-3_eeg: combined: gamma 0.945 comb +0.19 peaks 1
[   488.2s] [21/90] sub-0004_task-thermalactive_run-2_eeg: combined: gamma 0.955 comb +0.01 peaks 1
[   537.2s] [22/90] sub-0004_task-thermalactive_run-5_eeg: combined: gamma 0.958 comb +0.03 peaks 0
[   544.5s] [23/90] sub-0004_task-thermalactive_run-4_eeg: combined: gamma 0.926 comb -0.03 peaks 4
[   553.6s] [24/90] sub-0004_task-thermalactive_run-6_eeg: combined: gamma 0.941 comb +0.18 peaks 6
[   585.4s] [25/90] sub-0005_task-thermalactive_run-1_eeg: combined: gamma 0.927 comb +0.25 peaks 0
[   605.3s] [26/90] sub-0005_task-thermalactive_run-2_eeg: combined: gamma 0.899 comb -0.02 peaks 1
[   616.1s] [27/90] sub-0005_task-thermalactive_run-3_eeg: combined: gamma 0.895 comb -0.00 peaks 7
[   642.4s] [28/90] sub-0005_task-thermalactive_run-4_eeg: combined: gamma 0.923 comb +0.17 peaks 3
[   667.1s] [29/90] sub-0005_task-thermalactive_run-5_eeg: combined: gamma 0.945 comb +0.29 peaks 5
[   674.4s] [30/90] sub-0005_task-thermalactive_run-6_eeg: combined: gamma 0.882 comb +0.00 peaks 8
[   682.2s] [31/90] sub-0006_task-thermalactive_run-1_eeg: combined: gamma 0.699 comb -6.40 peaks 7
[   708.2s] [32/90] sub-0006_task-thermalactive_run-2_eeg: combined: gamma 0.731 comb -6.13 peaks 16
[   733.1s] [33/90] sub-0006_task-thermalactive_run-3_eeg: combined: gamma 0.889 comb -0.54 peaks 5
[   738.3s] [34/90] sub-0006_task-thermalactive_run-4_eeg: combined: gamma 0.906 comb -0.59 peaks 0
[   775.0s] [35/90] sub-0006_task-thermalactive_run-5_eeg: combined: gamma 0.865 comb -0.57 peaks 3
[   796.3s] [36/90] sub-0006_task-thermalactive_run-6_eeg: combined: gamma 0.888 comb -0.69 peaks 6
[   808.1s] [37/90] sub-0007_task-thermalactive_run-1_eeg: combined: gamma 0.973 comb +0.33 peaks 0
[   844.7s] [38/90] sub-0007_task-thermalactive_run-2_eeg: combined: gamma 0.952 comb -0.16 peaks 0
[   865.6s] [39/90] sub-0007_task-thermalactive_run-3_eeg: combined: gamma 0.958 comb -0.22 peaks 2
[   878.6s] [40/90] sub-0007_task-thermalactive_run-4_eeg: combined: gamma 0.891 comb -0.03 peaks 5
[   912.4s] [41/90] sub-0007_task-thermalactive_run-5_eeg: combined: gamma 0.947 comb -0.09 peaks 2
[   938.6s] [42/90] sub-0007_task-thermalactive_run-6_eeg: combined: gamma 0.906 comb -0.20 peaks 6
[   950.5s] [43/90] sub-0008_task-thermalactive_run-1_eeg: combined: gamma 0.927 comb -0.39 peaks 5
[   986.1s] [44/90] sub-0008_task-thermalactive_run-2_eeg: combined: gamma 0.883 comb -0.43 peaks 5
[  1010.6s] [45/90] sub-0008_task-thermalactive_run-3_eeg: combined: gamma 0.895 comb -0.32 peaks 10
[  1030.6s] [46/90] sub-0008_task-thermalactive_run-4_eeg: combined: gamma 0.900 comb -0.15 peaks 15
[  1068.9s] [47/90] sub-0008_task-thermalactive_run-5_eeg: combined: gamma 0.901 comb -0.39 peaks 6
[  1087.0s] [48/90] sub-0008_task-thermalactive_run-6_eeg: combined: gamma 0.880 comb +0.04 peaks 10
[  1105.6s] [49/90] sub-0009_task-thermalactive_run-1_eeg: combined: gamma 0.954 comb -0.51 peaks 0
[  1138.7s] [50/90] sub-0009_task-thermalactive_run-2_eeg: combined: gamma 0.916 comb +0.17 peaks 5
[  1161.6s] [51/90] sub-0009_task-thermalactive_run-3_eeg: combined: gamma 0.920 comb -0.49 peaks 6
[  1187.8s] [52/90] sub-0009_task-thermalactive_run-4_eeg: combined: gamma 0.899 comb -0.43 peaks 5
[  1206.1s] [53/90] sub-0009_task-thermalactive_run-5_eeg: combined: gamma 0.949 comb -0.23 peaks 5
[  1243.0s] [54/90] sub-0009_task-thermalactive_run-6_eeg: combined: gamma 0.935 comb -0.23 peaks 5
[  1255.8s] [55/90] sub-0010_task-thermalactive_run-1_eeg: combined: gamma 0.839 comb +0.03 peaks 18
[  1276.2s] [56/90] sub-0010_task-thermalactive_run-2_eeg: combined: gamma 0.883 comb -0.12 peaks 3
[  1307.2s] [57/90] sub-0010_task-thermalactive_run-3_eeg: combined: gamma 0.896 comb +0.05 peaks 2
[  1323.0s] [58/90] sub-0010_task-thermalactive_run-4_eeg: combined: gamma 0.895 comb -0.06 peaks 5
[  1348.9s] [59/90] sub-0010_task-thermalactive_run-5_eeg: combined: gamma 0.884 comb -0.14 peaks 7
[  1381.7s] [60/90] sub-0010_task-thermalactive_run-6_eeg: combined: gamma 0.887 comb -0.49 peaks 4
[  1390.6s] [61/90] sub-0011_task-thermalactive_run-1_eeg: combined: gamma 0.934 comb -0.81 peaks 6
[  1420.2s] [62/90] sub-0011_task-thermalactive_run-2_eeg: combined: gamma 0.944 comb -0.00 peaks 0
[  1441.0s] [63/90] sub-0011_task-thermalactive_run-3_eeg: combined: gamma 0.953 comb +0.31 peaks 0
[  1481.6s] [64/90] sub-0011_task-thermalactive_run-4_eeg: combined: gamma 0.847 comb -0.81 peaks 19
[  1482.5s] [65/90] sub-0011_task-thermalactive_run-5_eeg: combined: gamma 0.906 comb +0.00 peaks 15
[  1517.5s] [66/90] sub-0011_task-thermalactive_run-6_eeg: combined: gamma 0.838 comb -1.11 peaks 18
[  1540.7s] [67/90] sub-0012_task-thermalactive_run-1_eeg: combined: gamma 0.928 comb -0.04 peaks 4
[  1556.2s] [68/90] sub-0012_task-thermalactive_run-2_eeg: combined: gamma 0.900 comb +0.02 peaks 4
[  1580.4s] [69/90] sub-0012_task-thermalactive_run-3_eeg: combined: gamma 0.920 comb -0.22 peaks 2
[  1611.2s] [70/90] sub-0012_task-thermalactive_run-4_eeg: combined: gamma 0.908 comb -0.04 peaks 2
[  1620.2s] [71/90] sub-0012_task-thermalactive_run-5_eeg: combined: gamma 0.941 comb -0.29 peaks 2
[  1654.2s] [72/90] sub-0012_task-thermalactive_run-6_eeg: combined: gamma 0.891 comb -0.56 peaks 6
[  1659.0s] [73/90] sub-0013_task-thermalactive_run-1_eeg: combined: gamma 0.704 comb -6.50 peaks 13
[  1677.6s] [74/90] sub-0013_task-thermalactive_run-2_eeg: combined: gamma 0.977 comb +0.14 peaks 4
[  1712.8s] [75/90] sub-0013_task-thermalactive_run-3_eeg: combined: gamma 0.984 comb +0.17 peaks 0
[  1716.5s] [76/90] sub-0013_task-thermalactive_run-4_eeg: combined: gamma 0.958 comb -0.00 peaks 1
[  1733.7s] [77/90] sub-0013_task-thermalactive_run-5_eeg: combined: gamma 0.905 comb +0.25 peaks 1
[  1761.1s] [78/90] sub-0013_task-thermalactive_run-6_eeg: combined: gamma 0.945 comb +0.29 peaks 2
[  1777.7s] [79/90] sub-0014_task-thermalactive_run-1_eeg: combined: gamma 0.963 comb +0.11 peaks 0
[  1798.5s] [80/90] sub-0014_task-thermalactive_run-2_eeg: combined: gamma 0.955 comb +0.30 peaks 0
[  1817.1s] [81/90] sub-0014_task-thermalactive_run-3_eeg: combined: gamma 0.972 comb +0.24 peaks 4
[  1838.3s] [82/90] sub-0014_task-thermalactive_run-4_eeg: combined: gamma 0.964 comb +0.08 peaks 0
[  1861.2s] [83/90] sub-0014_task-thermalactive_run-5_eeg: combined: gamma 0.912 comb +0.19 peaks 7
[  1875.5s] [84/90] sub-0014_task-thermalactive_run-6_eeg: combined: gamma 0.696 comb -6.47 peaks 6
[  1907.7s] [85/90] sub-0015_task-thermalactive_run-1_eeg: combined: gamma 0.919 comb -0.10 peaks 5
[  1927.0s] [86/90] sub-0015_task-thermalactive_run-2_eeg: combined: gamma 0.904 comb +0.18 peaks 2
[  1946.0s] [87/90] sub-0015_task-thermalactive_run-3_eeg: combined: gamma 0.927 comb -0.00 peaks 7
[  1975.9s] [88/90] sub-0015_task-thermalactive_run-4_eeg: combined: gamma 0.937 comb -0.23 peaks 5
[  1997.6s] [89/90] sub-0015_task-thermalactive_run-5_eeg: combined: gamma 0.918 comb -0.04 peaks 10
[  2012.4s] [90/90] sub-0015_task-thermalactive_run-6_eeg: combined: gamma 0.926 comb +0.29 peaks 2
[  2012.7s] done
