[   92.6s] [1/90] sub-0000_task-thermalactive_run-5_ targets 109 peaks  24 (null-cal  23) comb +0.01 gamma_kept 0.748 (fir-only 0.963)
[   94.1s] [2/90] sub-0000_task-thermalactive_run-4_ targets 105 peaks  28 (null-cal  26) comb +0.19 gamma_kept 0.755 (fir-only 0.958)
[   94.7s] [3/90] sub-0000_task-thermalactive_run-1_ targets 106 peaks  19 (null-cal   7) comb -0.10 gamma_kept 0.760 (fir-only 0.971)
[   98.4s] [4/90] sub-0000_task-thermalactive_run-3_ targets 109 peaks  24 (null-cal  22) comb -0.34 gamma_kept 0.759 (fir-only 0.962)
[  100.3s] [5/90] sub-0000_task-thermalactive_run-2_ targets 105 peaks  23 (null-cal  19) comb +0.28 gamma_kept 0.764 (fir-only 0.952)
[  183.2s] [6/90] sub-0000_task-thermalactive_run-6_ targets 107 peaks  24 (null-cal  21) comb +0.04 gamma_kept 0.741 (fir-only 0.957)
[  188.8s] [7/90] sub-0001_task-thermalactive_run-4_ targets 118 peaks  13 (null-cal   8) comb -0.49 gamma_kept 0.739 (fir-only 0.970)
[  193.9s] [8/90] sub-0001_task-thermalactive_run-2_ targets 111 peaks  14 (null-cal   3) comb -0.08 gamma_kept 0.748 (fir-only 0.946)
[  197.3s] [9/90] sub-0001_task-thermalactive_run-3_ targets 120 peaks  14 (null-cal  16) comb -0.36 gamma_kept 0.706 (fir-only 0.925)
[  202.9s] [10/90] sub-0001_task-thermalactive_run-1_ targets 124 peaks  13 (null-cal   6) comb -0.58 gamma_kept 0.714 (fir-only 0.940)
[  256.5s] [11/90] sub-0001_task-thermalactive_run-5_ targets 115 peaks  15 (null-cal  10) comb -0.28 gamma_kept 0.741 (fir-only 0.953)
[  267.4s] [12/90] sub-0003_task-thermalactive_run-1_ targets 114 peaks  11 (null-cal  10) comb -0.41 gamma_kept 0.712 (fir-only 0.954)
[  273.9s] [13/90] sub-0001_task-thermalactive_run-6_ targets 121 peaks  24 (null-cal  24) comb -0.55 gamma_kept 0.708 (fir-only 0.932)
[  276.1s] [14/90] sub-0003_task-thermalactive_run-2_ targets 109 peaks  13 (null-cal   2) comb -0.08 gamma_kept 0.754 (fir-only 0.957)
[  282.7s] [15/90] sub-0003_task-thermalactive_run-3_ targets 125 peaks  13 (null-cal  13) comb -0.64 gamma_kept 0.690 (fir-only 0.954)
[  327.8s] [16/90] sub-0003_task-thermalactive_run-4_ targets 107 peaks  14 (null-cal  14) comb +0.03 gamma_kept 0.747 (fir-only 0.950)
[  349.8s] [17/90] sub-0004_task-thermalactive_run-1_ targets 101 peaks  15 (null-cal  12) comb +0.23 gamma_kept 0.749 (fir-only 0.951)
[  353.2s] [18/90] sub-0003_task-thermalactive_run-5_ targets 127 peaks  15 (null-cal  15) comb -1.52 gamma_kept 0.686 (fir-only 0.941)
[  362.2s] [19/90] sub-0003_task-thermalactive_run-6_ targets 127 peaks  22 (null-cal  23) comb -0.67 gamma_kept 0.675 (fir-only 0.962)
[  367.4s] [20/90] sub-0004_task-thermalactive_run-2_ targets 109 peaks  16 (null-cal  16) comb +0.19 gamma_kept 0.729 (fir-only 0.965)
[  394.7s] [21/90] sub-0004_task-thermalactive_run-3_ targets  94 peaks   9 (null-cal   9) comb +0.26 gamma_kept 0.768 (fir-only 0.968)
[  419.0s] [22/90] sub-0004_task-thermalactive_run-5_ targets  92 peaks   4 (null-cal   6) comb +0.27 gamma_kept 0.778 (fir-only 0.965)
[  422.3s] [23/90] sub-0004_task-thermalactive_run-4_ targets  99 peaks  12 (null-cal   7) comb +0.35 gamma_kept 0.731 (fir-only 0.952)
[  425.2s] [24/90] sub-0004_task-thermalactive_run-6_ targets  88 peaks   8 (null-cal   6) comb +0.18 gamma_kept 0.738 (fir-only 0.946)
[  428.6s] [25/90] sub-0005_task-thermalactive_run-1_ targets  73 peaks   5 (null-cal   6) comb +0.36 gamma_kept 0.813 (fir-only 0.974)
[  467.7s] [26/90] sub-0005_task-thermalactive_run-2_ targets 110 peaks   6 (null-cal   6) comb -0.71 gamma_kept 0.711 (fir-only 0.936)
[  486.2s] [27/90] sub-0005_task-thermalactive_run-4_ targets  88 peaks  11 (null-cal   9) comb +0.26 gamma_kept 0.755 (fir-only 0.965)
[  497.5s] [28/90] sub-0005_task-thermalactive_run-3_ targets  91 peaks  12 (null-cal   6) comb +0.14 gamma_kept 0.763 (fir-only 0.950)
[  498.9s] [29/90] sub-0005_task-thermalactive_run-6_ targets 108 peaks   5 (null-cal   5) comb -0.05 gamma_kept 0.711 (fir-only 0.959)
[  501.4s] [30/90] sub-0005_task-thermalactive_run-5_ targets 113 peaks  12 (null-cal  10) comb +0.06 gamma_kept 0.732 (fir-only 0.968)
[  514.7s] [31/90] sub-0006_task-thermalactive_run-1_ targets  42 peaks  17 (null-cal   5) comb +0.57 gamma_kept 0.829 (fir-only 0.945)
[  522.0s] [32/90] sub-0006_task-thermalactive_run-2_ targets  40 peaks   7 (null-cal   7) comb +0.38 gamma_kept 0.869 (fir-only 0.978)
[  572.2s] [33/90] sub-0006_task-thermalactive_run-5_ targets 110 peaks  22 (null-cal  19) comb -0.51 gamma_kept 0.668 (fir-only 0.955)
[  573.0s] [34/90] sub-0006_task-thermalactive_run-4_ targets 103 peaks  19 (null-cal  14) comb +0.18 gamma_kept 0.703 (fir-only 0.978)
[  579.8s] [35/90] sub-0006_task-thermalactive_run-6_ targets 106 peaks  22 (null-cal  14) comb -0.33 gamma_kept 0.685 (fir-only 0.938)
[  580.6s] [36/90] sub-0006_task-thermalactive_run-3_ targets 111 peaks  25 (null-cal   4) comb -0.47 gamma_kept 0.650 (fir-only 0.906)
[  601.1s] [37/90] sub-0007_task-thermalactive_run-1_ targets 100 peaks  14 (null-cal   9) comb +0.20 gamma_kept 0.729 (fir-only 0.961)
[  658.9s] [38/90] sub-0007_task-thermalactive_run-3_ targets 114 peaks  15 (null-cal  13) comb -0.19 gamma_kept 0.719 (fir-only 0.973)
[  659.3s] [39/90] sub-0007_task-thermalactive_run-2_ targets 118 peaks   8 (null-cal   8) comb -0.60 gamma_kept 0.715 (fir-only 0.982)
[  660.1s] [40/90] sub-0007_task-thermalactive_run-4_ targets 103 peaks  16 (null-cal   6) comb +0.14 gamma_kept 0.715 (fir-only 0.980)
[  662.5s] [41/90] sub-0007_task-thermalactive_run-5_ targets 114 peaks  12 (null-cal  12) comb -0.84 gamma_kept 0.723 (fir-only 0.977)
[  684.1s] [42/90] sub-0007_task-thermalactive_run-6_ targets 130 peaks  24 (null-cal  14) comb -1.20 gamma_kept 0.691 (fir-only 0.984)
[  755.0s] [43/90] sub-0008_task-thermalactive_run-2_ targets 139 peaks  19 (null-cal  17) comb -5.86 gamma_kept 0.651 (fir-only 0.960)
[  759.3s] [44/90] sub-0008_task-thermalactive_run-1_ targets 124 peaks  17 (null-cal  16) comb -1.26 gamma_kept 0.668 (fir-only 0.953)
[  775.0s] [45/90] sub-0008_task-thermalactive_run-5_ targets 131 peaks  35 (null-cal  13) comb -1.32 gamma_kept 0.656 (fir-only 0.944)
[  776.5s] [46/90] sub-0008_task-thermalactive_run-4_ targets 146 peaks  33 (null-cal  16) comb -4.90 gamma_kept 0.626 (fir-only 0.931)
[  777.1s] [47/90] sub-0008_task-thermalactive_run-3_ targets 132 peaks  41 (null-cal   3) comb -1.08 gamma_kept 0.620 (fir-only 0.903)
[  840.2s] [48/90] sub-0008_task-thermalactive_run-6_ targets 137 peaks  30 (null-cal  11) comb -0.41 gamma_kept 0.641 (fir-only 0.950)
[  845.5s] [49/90] sub-0009_task-thermalactive_run-1_ targets 134 peaks  10 (null-cal  13) comb -6.33 gamma_kept 0.651 (fir-only 0.958)
[  865.3s] [50/90] sub-0009_task-thermalactive_run-2_ targets 134 peaks  12 (null-cal  11) comb -6.18 gamma_kept 0.669 (fir-only 0.957)
[  868.6s] [51/90] sub-0009_task-thermalactive_run-4_ targets 134 peaks  15 (null-cal  18) comb -5.89 gamma_kept 0.654 (fir-only 0.956)
[  869.9s] [52/90] sub-0009_task-thermalactive_run-3_ targets 143 peaks  13 (null-cal  21) comb -6.58 gamma_kept 0.639 (fir-only 0.962)
[  918.3s] [53/90] sub-0009_task-thermalactive_run-5_ targets 116 peaks  21 (null-cal  15) comb -1.05 gamma_kept 0.699 (fir-only 0.953)
[  938.1s] [54/90] sub-0009_task-thermalactive_run-6_ targets 129 peaks  19 (null-cal   1) comb -1.16 gamma_kept 0.636 (fir-only 0.898)
[  939.1s] [55/90] sub-0010_task-thermalactive_run-1_ targets  94 peaks  21 (null-cal  10) comb +0.31 gamma_kept 0.722 (fir-only 0.886)
[  946.0s] [56/90] sub-0010_task-thermalactive_run-3_ targets 111 peaks  15 (null-cal   6) comb +0.10 gamma_kept 0.707 (fir-only 0.969)
[  954.5s] [57/90] sub-0010_task-thermalactive_run-2_ targets 112 peaks  23 (null-cal  22) comb +0.13 gamma_kept 0.727 (fir-only 0.955)
[  992.7s] [58/90] sub-0010_task-thermalactive_run-4_ targets 112 peaks  28 (null-cal   4) comb -0.08 gamma_kept 0.722 (fir-only 0.941)
[ 1023.0s] [59/90] sub-0010_task-thermalactive_run-5_ targets 105 peaks  32 (null-cal   2) comb +0.30 gamma_kept 0.715 (fir-only 0.957)
[ 1026.8s] [60/90] sub-0010_task-thermalactive_run-6_ targets 118 peaks  27 (null-cal  16) comb -0.29 gamma_kept 0.700 (fir-only 0.929)
[ 1033.4s] [61/90] sub-0011_task-thermalactive_run-1_ targets 123 peaks  15 (null-cal  11) comb -1.18 gamma_kept 0.698 (fir-only 0.951)
[ 1036.5s] [62/90] sub-0011_task-thermalactive_run-2_ targets 106 peaks  24 (null-cal  21) comb -0.26 gamma_kept 0.741 (fir-only 0.968)
[ 1059.0s] [63/90] sub-0011_task-thermalactive_run-3_ targets  78 peaks  11 (null-cal  10) comb +0.34 gamma_kept 0.757 (fir-only 0.949)
[ 1105.2s] [64/90] sub-0012_task-thermalactive_run-1_ targets 105 peaks  20 (null-cal  14) comb +0.11 gamma_kept 0.701 (fir-only 0.927)
[ 1109.5s] [65/90] sub-0011_task-thermalactive_run-5_ targets 107 peaks  16 (null-cal  13) comb -0.08 gamma_kept 0.749 (fir-only 0.970)
[ 1112.0s] [66/90] sub-0011_task-thermalactive_run-4_ targets 133 peaks  29 (null-cal  10) comb -1.13 gamma_kept 0.666 (fir-only 0.949)
[ 1123.3s] [67/90] sub-0011_task-thermalactive_run-6_ targets 128 peaks  33 (null-cal  11) comb -0.31 gamma_kept 0.662 (fir-only 0.933)
[ 1133.6s] [68/90] sub-0012_task-thermalactive_run-2_ targets 110 peaks  28 (null-cal  25) comb +0.16 gamma_kept 0.739 (fir-only 0.947)
[ 1182.0s] [69/90] sub-0013_task-thermalactive_run-1_ targets  60 peaks   5 (null-cal   5) comb +0.45 gamma_kept 0.859 (fir-only 0.969)
[ 1185.1s] [70/90] sub-0012_task-thermalactive_run-3_ targets 119 peaks  16 (null-cal  13) comb +0.01 gamma_kept 0.723 (fir-only 0.964)
[ 1186.3s] [71/90] sub-0012_task-thermalactive_run-5_ targets 115 peaks  10 (null-cal  10) comb -0.11 gamma_kept 0.711 (fir-only 0.970)
[ 1195.2s] [72/90] sub-0012_task-thermalactive_run-6_ targets 119 peaks  12 (null-cal   8) comb -1.14 gamma_kept 0.713 (fir-only 0.960)
[ 1197.5s] [73/90] sub-0012_task-thermalactive_run-4_ targets 123 peaks  19 (null-cal  12) comb -0.46 gamma_kept 0.711 (fir-only 0.965)
[ 1253.9s] [74/90] sub-0013_task-thermalactive_run-2_ targets  68 peaks  10 (null-cal  11) comb +0.37 gamma_kept 0.859 (fir-only 0.982)
[ 1259.9s] [75/90] sub-0013_task-thermalactive_run-3_ targets  79 peaks   8 (null-cal  16) comb +0.36 gamma_kept 0.853 (fir-only 0.967)
[ 1260.9s] [76/90] sub-0013_task-thermalactive_run-4_ targets  86 peaks   5 (null-cal  14) comb +0.08 gamma_kept 0.831 (fir-only 0.969)
[ 1264.0s] [77/90] sub-0013_task-thermalactive_run-6_ targets  80 peaks  10 (null-cal   1) comb +0.39 gamma_kept 0.774 (fir-only 0.966)
[ 1269.6s] [78/90] sub-0013_task-thermalactive_run-5_ targets  77 peaks   4 (null-cal   8) comb +0.26 gamma_kept 0.772 (fir-only 0.941)
[ 1335.1s] [79/90] sub-0014_task-thermalactive_run-1_ targets 101 peaks  11 (null-cal  11) comb +0.11 gamma_kept 0.762 (fir-only 0.949)
[ 1337.2s] [80/90] sub-0014_task-thermalactive_run-2_ targets 103 peaks  11 (null-cal  15) comb -0.06 gamma_kept 0.739 (fir-only 0.949)
[ 1339.1s] [81/90] sub-0014_task-thermalactive_run-4_ targets 110 peaks   4 (null-cal  10) comb -0.11 gamma_kept 0.744 (fir-only 0.973)
[ 1340.9s] [82/90] sub-0014_task-thermalactive_run-3_ targets 101 peaks   4 (null-cal   4) comb -0.10 gamma_kept 0.750 (fir-only 0.945)
[ 1345.1s] [83/90] sub-0014_task-thermalactive_run-5_ targets  96 peaks   5 (null-cal   9) comb +0.19 gamma_kept 0.770 (fir-only 0.982)
[ 1400.2s] [84/90] sub-0014_task-thermalactive_run-6_ targets  93 peaks   3 (null-cal  12) comb +0.25 gamma_kept 0.769 (fir-only 0.972)
[ 1423.7s] [85/90] sub-0015_task-thermalactive_run-1_ targets 109 peaks   9 (null-cal   6) comb -0.03 gamma_kept 0.752 (fir-only 0.963)
[ 1431.6s] [86/90] sub-0015_task-thermalactive_run-3_ targets 116 peaks  10 (null-cal   2) comb -0.11 gamma_kept 0.726 (fir-only 0.930)
[ 1436.5s] [87/90] sub-0015_task-thermalactive_run-2_ targets 104 peaks  18 (null-cal   7) comb +0.48 gamma_kept 0.742 (fir-only 0.952)
[ 1436.7s] [88/90] sub-0015_task-thermalactive_run-4_ targets 105 peaks  17 (null-cal   7) comb -0.04 gamma_kept 0.757 (fir-only 0.948)
[ 1471.5s] [89/90] sub-0015_task-thermalactive_run-5_ targets 116 peaks  23 (null-cal  11) comb +0.18 gamma_kept 0.732 (fir-only 0.944)
[ 1483.0s] [90/90] sub-0015_task-thermalactive_run-6_ targets 114 peaks   8 (null-cal   2) comb -0.12 gamma_kept 0.714 (fir-only 0.952)
[ 1483.3s] done -> studies/2026-08-19-arm-comparison/derived_shipped.tsv
