[     0.1s] 90 recordings x 5 arms -> final_config.tsv
[   224.5s] [1/90] sub-0000_task-thermalactive_run-2_eeg: gamma notch 0.801 / declared 0.543 / lines 0.966 / combsub 0.976 / linesdecl 0.966 | comb +0.12 / -7.04 / -0.10 / +0.38
[   251.1s] [2/90] sub-0000_task-thermalactive_run-3_eeg: gamma notch 0.795 / declared 0.560 / lines 0.960 / combsub 0.976 / linesdecl 0.960 | comb -0.17 / -7.00 / -0.28 / +0.30
[   258.8s] [3/90] sub-0000_task-thermalactive_run-1_eeg: gamma notch 0.760 / declared 0.626 / lines 0.974 / combsub 0.977 / linesdecl 0.974 | comb -0.10 / -6.92 / -0.15 / +0.31
[   451.1s] [4/90] sub-0000_task-thermalactive_run-4_eeg: gamma notch 0.806 / declared 0.578 / lines 0.879 / combsub 0.910 / linesdecl 0.871 | comb +0.52 / -6.77 / -0.00 / +0.09
[   476.7s] [5/90] sub-0000_task-thermalactive_run-5_eeg: gamma notch 0.496 / declared 0.495 / lines 0.962 / combsub 0.970 / linesdecl 0.963 | comb -0.30 / -6.32 / -0.07 / +0.54
[   479.4s] [6/90] sub-0000_task-thermalactive_run-6_eeg: gamma notch 0.777 / declared 0.553 / lines 0.947 / combsub 0.968 / linesdecl 0.947 | comb -0.40 / -7.06 / -0.27 / +0.04
[   670.8s] [7/90] sub-0001_task-thermalactive_run-1_eeg: gamma notch 0.471 / declared 0.548 / lines 0.959 / combsub 0.959 / linesdecl 0.913 | comb -1.57 / -6.92 / -0.43 / -0.28
[   675.8s] [8/90] sub-0001_task-thermalactive_run-2_eeg: gamma notch 0.774 / declared 0.596 / lines 0.979 / combsub 0.994 / linesdecl 0.979 | comb -0.19 / -7.20 / -0.15 / +0.05
[   696.6s] [9/90] sub-0001_task-thermalactive_run-3_eeg: gamma notch 0.726 / declared 0.580 / lines 0.916 / combsub 0.932 / linesdecl 0.936 | comb -0.27 / -7.15 / -0.19 / -0.22
[   913.7s] [10/90] sub-0001_task-thermalactive_run-4_eeg: gamma notch 0.508 / declared 0.560 / lines 0.703 / combsub 0.702 / linesdecl 0.962 | comb -0.72 / -7.00 / -0.38 / +0.10
[   936.8s] [11/90] sub-0001_task-thermalactive_run-5_eeg: gamma notch 0.503 / declared 0.584 / lines 0.908 / combsub 0.908 / linesdecl 0.908 | comb -0.33 / -7.39 / -0.41 / -0.10
[   945.1s] [12/90] sub-0001_task-thermalactive_run-6_eeg: gamma notch 0.487 / declared 0.586 / lines 0.659 / combsub 0.651 / linesdecl 0.929 | comb -1.04 / -7.19 / -0.26 / -0.20
[  1155.0s] [13/90] sub-0003_task-thermalactive_run-1_eeg: gamma notch 0.450 / declared 0.551 / lines 0.902 / combsub 0.929 / linesdecl 0.683 | comb +0.03 / -6.88 / +0.15 / -6.55
[  1165.2s] [14/90] sub-0003_task-thermalactive_run-2_eeg: gamma notch 0.757 / declared 0.556 / lines 0.962 / combsub 0.988 / linesdecl 0.963 | comb -1.16 / -6.93 / -0.09 / +0.06
[  1192.6s] [15/90] sub-0003_task-thermalactive_run-3_eeg: gamma notch 0.426 / declared 0.507 / lines 0.894 / combsub 0.927 / linesdecl 0.884 | comb -0.67 / -7.10 / -0.06 / +0.05
[  1380.1s] [16/90] sub-0003_task-thermalactive_run-4_eeg: gamma notch 0.499 / declared 0.472 / lines 0.948 / combsub 0.977 / linesdecl 0.948 | comb -0.36 / -6.68 / -0.10 / -0.09
[  1425.1s] [17/90] sub-0003_task-thermalactive_run-6_eeg: gamma notch 0.424 / declared 0.460 / lines 0.923 / combsub 0.958 / linesdecl 0.876 | comb -0.53 / -6.57 / -0.03 / -0.06
[  1429.8s] [18/90] sub-0003_task-thermalactive_run-5_eeg: gamma notch 0.441 / declared 0.495 / lines 0.955 / combsub 0.962 / linesdecl 0.955 | comb -3.13 / -6.98 / -0.19 / +0.10
[  1612.2s] [19/90] sub-0004_task-thermalactive_run-1_eeg: gamma notch 0.496 / declared 0.582 / lines 0.945 / combsub 0.947 / linesdecl 0.927 | comb -1.12 / -7.22 / -0.12 / +0.35
[  1658.0s] [20/90] sub-0004_task-thermalactive_run-3_eeg: gamma notch 0.554 / declared 0.620 / lines 0.927 / combsub 0.945 / linesdecl 0.927 | comb -0.42 / -7.10 / +0.14 / +0.23
[  1670.3s] [21/90] sub-0004_task-thermalactive_run-2_eeg: gamma notch 0.493 / declared 0.606 / lines 0.957 / combsub 0.955 / linesdecl 0.957 | comb -2.49 / -6.87 / +0.01 / +0.50
[  1826.4s] [22/90] sub-0004_task-thermalactive_run-4_eeg: gamma notch 0.785 / declared 0.616 / lines 0.901 / combsub 0.926 / linesdecl 0.901 | comb +0.12 / -6.94 / -0.03 / +0.60
[  1861.7s] [23/90] sub-0004_task-thermalactive_run-5_eeg: gamma notch 0.820 / declared 0.590 / lines 0.947 / combsub 0.958 / linesdecl 0.947 | comb +0.20 / -7.18 / +0.03 / +0.26
[  1869.4s] [24/90] sub-0004_task-thermalactive_run-6_eeg: gamma notch 0.794 / declared 0.620 / lines 0.939 / combsub 0.637 / linesdecl 0.939 | comb -0.18 / -6.81 / +0.02 / +0.57
[  1995.4s] [25/90] sub-0005_task-thermalactive_run-1_eeg: gamma notch 0.810 / declared 0.614 / lines 0.929 / combsub 0.927 / linesdecl 0.899 | comb +0.35 / -6.75 / +0.25 / +0.37
[  2077.7s] [26/90] sub-0005_task-thermalactive_run-2_eeg: gamma notch 0.725 / declared 0.573 / lines 0.919 / combsub 0.899 / linesdecl 0.890 | comb -0.54 / -6.73 / -0.02 / +0.32
[  2077.7s] [27/90] sub-0005_task-thermalactive_run-3_eeg: gamma notch 0.787 / declared 0.608 / lines 0.890 / combsub 0.911 / linesdecl 0.890 | comb -0.29 / -7.19 / -0.00 / +0.14
[  2185.5s] [28/90] sub-0005_task-thermalactive_run-4_eeg: gamma notch 0.764 / declared 0.594 / lines 0.916 / combsub 0.923 / linesdecl 0.682 | comb -0.09 / -6.91 / +0.17 / -6.78
[  2280.4s] [29/90] sub-0005_task-thermalactive_run-5_eeg: gamma notch 0.733 / declared 0.539 / lines 0.962 / combsub 0.945 / linesdecl 0.962 | comb +0.00 / -7.10 / +0.29 / +0.65
[  2296.4s] [30/90] sub-0005_task-thermalactive_run-6_eeg: gamma notch 0.456 / declared 0.525 / lines 0.871 / combsub 0.890 / linesdecl 0.853 | comb -2.17 / -6.96 / -0.13 / +0.19
[  2335.6s] [31/90] sub-0006_task-thermalactive_run-1_eeg: gamma notch 0.569 / declared 0.569 / lines 0.651 / combsub 0.671 / linesdecl 0.686 | comb -0.73 / -6.65 / +0.52 / -6.41
[  2397.7s] [32/90] sub-0006_task-thermalactive_run-2_eeg: gamma notch 0.869 / declared 0.589 / lines 0.981 / combsub 0.988 / linesdecl 0.697 | comb +0.09 / -6.53 / +0.14 / -5.83
[  2491.0s] [33/90] sub-0006_task-thermalactive_run-3_eeg: gamma notch 0.468 / declared 0.494 / lines 0.897 / combsub 0.889 / linesdecl 0.881 | comb -2.34 / -6.69 / -0.54 / +0.47
[  2531.9s] [34/90] sub-0006_task-thermalactive_run-4_eeg: gamma notch 0.703 / declared 0.501 / lines 0.909 / combsub 0.874 / linesdecl 0.909 | comb -2.45 / -6.96 / -0.37 / +0.47
[  2621.3s] [35/90] sub-0006_task-thermalactive_run-5_eeg: gamma notch 0.697 / declared 0.527 / lines 0.855 / combsub 0.865 / linesdecl 0.855 | comb -2.16 / -6.65 / -0.57 / -0.30
[  2694.5s] [36/90] sub-0006_task-thermalactive_run-6_eeg: gamma notch 0.459 / declared 0.515 / lines 0.893 / combsub 0.888 / linesdecl 0.879 | comb -0.95 / -6.36 / -0.69 / +0.09
[  2752.9s] [37/90] sub-0007_task-thermalactive_run-1_eeg: gamma notch 0.767 / declared 0.550 / lines 0.940 / combsub 0.972 / linesdecl 0.941 | comb +0.16 / -6.67 / +0.33 / +0.37
[  2852.9s] [38/90] sub-0007_task-thermalactive_run-2_eeg: gamma notch 0.737 / declared 0.578 / lines 0.944 / combsub 0.952 / linesdecl 0.944 | comb -0.41 / -6.99 / -0.16 / +0.17
[  2922.3s] [39/90] sub-0007_task-thermalactive_run-3_eeg: gamma notch 0.744 / declared 0.581 / lines 0.958 / combsub 0.958 / linesdecl 0.958 | comb +0.07 / -7.32 / -0.20 / +0.08
[  2959.8s] [40/90] sub-0007_task-thermalactive_run-4_eeg: gamma notch 0.763 / declared 0.608 / lines 0.912 / combsub 0.936 / linesdecl 0.913 | comb +0.04 / -7.19 / -0.09 / +0.12
[  3080.4s] [41/90] sub-0007_task-thermalactive_run-5_eeg: gamma notch 0.771 / declared 0.610 / lines 0.929 / combsub 0.947 / linesdecl 0.930 | comb +0.02 / -7.00 / -0.06 / +0.13
[  3153.3s] [42/90] sub-0007_task-thermalactive_run-6_eeg: gamma notch 0.426 / declared 0.542 / lines 0.935 / combsub 0.927 / linesdecl 0.935 | comb -2.90 / -6.78 / -0.21 / +0.00
[  3187.8s] [43/90] sub-0008_task-thermalactive_run-1_eeg: gamma notch 0.706 / declared 0.535 / lines 0.913 / combsub 0.927 / linesdecl 0.913 | comb -0.34 / -6.71 / -0.39 / -0.04
[  3344.6s] [44/90] sub-0008_task-thermalactive_run-2_eeg: gamma notch 0.403 / declared 0.459 / lines 0.892 / combsub 0.883 / linesdecl 0.892 | comb -3.06 / -6.74 / -0.43 / -0.09
[  3398.2s] [45/90] sub-0008_task-thermalactive_run-3_eeg: gamma notch 0.656 / declared 0.527 / lines 0.877 / combsub 0.895 / linesdecl 0.877 | comb -6.35 / -7.72 / -0.26 / +0.28
[  3452.2s] [46/90] sub-0008_task-thermalactive_run-4_eeg: gamma notch 0.666 / declared 0.468 / lines 0.895 / combsub 0.900 / linesdecl 0.895 | comb -20.59 / -7.32 / -0.15 / +0.34
[  3614.8s] [47/90] sub-0008_task-thermalactive_run-5_eeg: gamma notch 0.657 / declared 0.521 / lines 0.879 / combsub 0.901 / linesdecl 0.879 | comb -0.28 / -6.98 / -0.39 / +0.35
[  3674.0s] [48/90] sub-0008_task-thermalactive_run-6_eeg: gamma notch 0.445 / declared 0.525 / lines 0.895 / combsub 0.880 / linesdecl 0.895 | comb -2.75 / -6.86 / +0.04 / +0.61
[  3738.6s] [49/90] sub-0009_task-thermalactive_run-1_eeg: gamma notch 0.450 / declared 0.559 / lines 0.934 / combsub 0.954 / linesdecl 0.934 | comb -7.34 / -7.01 / -0.51 / -0.33
[  3869.6s] [50/90] sub-0009_task-thermalactive_run-2_eeg: gamma notch 0.693 / declared 0.508 / lines 0.904 / combsub 0.916 / linesdecl 0.902 | comb -5.38 / -6.65 / +0.13 / +0.35
[  3938.9s] [51/90] sub-0009_task-thermalactive_run-3_eeg: gamma notch 0.701 / declared 0.553 / lines 0.897 / combsub 0.919 / linesdecl 0.634 | comb -23.90 / -7.92 / -0.39 / -6.27
[  4022.2s] [52/90] sub-0009_task-thermalactive_run-4_eeg: gamma notch 0.456 / declared 0.531 / lines 0.908 / combsub 0.899 / linesdecl 0.908 | comb -10.60 / -7.22 / -0.43 / +0.14
[  4128.5s] [53/90] sub-0009_task-thermalactive_run-5_eeg: gamma notch 0.492 / declared 0.578 / lines 0.930 / combsub 0.949 / linesdecl 0.930 | comb -4.42 / -6.92 / -0.16 / -0.22
[  4203.8s] [54/90] sub-0009_task-thermalactive_run-6_eeg: gamma notch 0.737 / declared 0.567 / lines 0.926 / combsub 0.928 / linesdecl 0.926 | comb -6.20 / -6.66 / -0.23 / +0.01
[  4276.3s] [55/90] sub-0010_task-thermalactive_run-1_eeg: gamma notch 0.478 / declared 0.503 / lines 0.860 / combsub 0.839 / linesdecl 0.860 | comb +0.14 / -5.96 / +0.03 / +0.44
[  4371.3s] [56/90] sub-0010_task-thermalactive_run-2_eeg: gamma notch 0.462 / declared 0.547 / lines 0.850 / combsub 0.845 / linesdecl 0.889 | comb -0.05 / -6.71 / -0.08 / +0.01
[  4447.3s] [57/90] sub-0010_task-thermalactive_run-3_eeg: gamma notch 0.454 / declared 0.545 / lines 0.891 / combsub 0.896 / linesdecl 0.891 | comb -0.56 / -6.75 / -0.05 / +0.36
[  4519.8s] [58/90] sub-0010_task-thermalactive_run-4_eeg: gamma notch 0.459 / declared 0.521 / lines 0.905 / combsub 0.895 / linesdecl 0.903 | comb -0.94 / -6.88 / -0.17 / +0.22
[  4625.0s] [59/90] sub-0010_task-thermalactive_run-5_eeg: gamma notch 0.433 / declared 0.550 / lines 0.631 / combsub 0.634 / linesdecl 0.885 | comb -0.40 / -6.86 / -0.31 / +0.41
[  4705.8s] [60/90] sub-0010_task-thermalactive_run-6_eeg: gamma notch 0.453 / declared 0.495 / lines 0.915 / combsub 0.887 / linesdecl 0.913 | comb -0.41 / -6.77 / -0.42 / +0.13
[  4753.5s] [61/90] sub-0011_task-thermalactive_run-1_eeg: gamma notch 0.437 / declared 0.541 / lines 0.940 / combsub 0.934 / linesdecl 0.924 | comb -1.38 / -7.23 / -0.81 / +0.07
[  4856.9s] [62/90] sub-0011_task-thermalactive_run-2_eeg: gamma notch 0.477 / declared 0.592 / lines 0.951 / combsub 0.944 / linesdecl 0.951 | comb -1.52 / -6.79 / -0.00 / +0.37
[  4932.9s] [63/90] sub-0011_task-thermalactive_run-3_eeg: gamma notch 0.492 / declared 0.530 / lines 0.931 / combsub 0.953 / linesdecl 0.931 | comb +0.00 / -6.17 / +0.31 / +0.42
[  5077.0s] [64/90] sub-0011_task-thermalactive_run-4_eeg: gamma notch 0.405 / declared 0.529 / lines 0.613 / combsub 0.595 / linesdecl 0.883 | comb -3.88 / -6.99 / -0.75 / -0.26
[  5110.9s] [65/90] sub-0011_task-thermalactive_run-5_eeg: gamma notch 0.457 / declared 0.541 / lines 0.937 / combsub 0.933 / linesdecl 0.917 | comb -0.54 / -6.79 / -0.04 / +0.37
[  5218.6s] [66/90] sub-0011_task-thermalactive_run-6_eeg: gamma notch 0.403 / declared 0.532 / lines 0.867 / combsub 0.838 / linesdecl 0.867 | comb -1.04 / -6.58 / -1.11 / -0.76
[  5326.6s] [67/90] sub-0012_task-thermalactive_run-1_eeg: gamma notch 0.456 / declared 0.541 / lines 0.677 / combsub 0.648 / linesdecl 0.926 | comb -0.08 / -6.78 / -0.31 / +0.19
[  5370.9s] [68/90] sub-0012_task-thermalactive_run-2_eeg: gamma notch 0.477 / declared 0.496 / lines 0.630 / combsub 0.641 / linesdecl 0.887 | comb -0.04 / -6.65 / -0.31 / +0.17
[  5469.9s] [69/90] sub-0012_task-thermalactive_run-3_eeg: gamma notch 0.472 / declared 0.529 / lines 0.918 / combsub 0.920 / linesdecl 0.918 | comb -0.21 / -7.05 / -0.03 / +0.22
[  5588.9s] [70/90] sub-0012_task-thermalactive_run-4_eeg: gamma notch 0.459 / declared 0.515 / lines 0.905 / combsub 0.904 / linesdecl 0.903 | comb -0.87 / -6.91 / -0.15 / +0.43
[  5611.9s] [71/90] sub-0012_task-thermalactive_run-5_eeg: gamma notch 0.451 / declared 0.508 / lines 0.911 / combsub 0.941 / linesdecl 0.911 | comb -0.83 / -6.84 / -0.29 / -0.05
[  5732.9s] [72/90] sub-0012_task-thermalactive_run-6_eeg: gamma notch 0.452 / declared 0.523 / lines 0.898 / combsub 0.854 / linesdecl 0.901 | comb -1.41 / -7.02 / -0.77 / +0.04
[  5778.6s] [73/90] sub-0013_task-thermalactive_run-1_eeg: gamma notch 0.589 / declared 0.636 / lines 0.679 / combsub 0.981 / linesdecl 0.702 | comb -0.08 / -6.52 / +0.33 / -6.50
[  5799.0s] [74/90] sub-0013_task-thermalactive_run-2_eeg: gamma notch 0.885 / declared 0.628 / lines 0.979 / combsub 0.977 / linesdecl 0.979 | comb +0.20 / -6.92 / +0.13 / +0.20
[  5931.2s] [75/90] sub-0013_task-thermalactive_run-3_eeg: gamma notch 0.600 / declared 0.890 / lines 0.686 / combsub 0.700 / linesdecl 0.961 | comb +0.24 / +0.46 / +0.18 / +0.40
[  5983.6s] [76/90] sub-0013_task-thermalactive_run-4_eeg: gamma notch 0.589 / declared 0.648 / lines 0.676 / combsub 0.679 / linesdecl 0.942 | comb -0.41 / -6.98 / +0.07 / +0.11
[  5995.5s] [77/90] sub-0013_task-thermalactive_run-5_eeg: gamma notch 0.776 / declared 0.594 / lines 0.889 / combsub 0.891 / linesdecl 0.897 | comb +0.26 / -6.74 / +0.25 / +0.49
[  6107.5s] [78/90] sub-0013_task-thermalactive_run-6_eeg: gamma notch 0.534 / declared 0.590 / lines 0.692 / combsub 0.682 / linesdecl 0.959 | comb -0.28 / -6.88 / -0.09 / +0.45
[  6186.4s] [79/90] sub-0014_task-thermalactive_run-1_eeg: gamma notch 0.768 / declared 0.527 / lines 0.939 / combsub 0.963 / linesdecl 0.921 | comb +0.10 / -6.86 / +0.11 / +0.62
[  6214.7s] [80/90] sub-0014_task-thermalactive_run-2_eeg: gamma notch 0.471 / declared 0.495 / lines 0.959 / combsub 0.955 / linesdecl 0.941 | comb -0.51 / -6.13 / +0.30 / +0.64
[  6314.1s] [81/90] sub-0014_task-thermalactive_run-3_eeg: gamma notch 0.763 / declared 0.549 / lines 0.933 / combsub 0.972 / linesdecl 0.680 | comb +0.09 / -6.75 / +0.24 / -6.57
[  6395.8s] [82/90] sub-0014_task-thermalactive_run-4_eeg: gamma notch 0.462 / declared 0.485 / lines 0.953 / combsub 0.964 / linesdecl 0.953 | comb -1.02 / -6.71 / +0.08 / +0.14
[  6428.2s] [83/90] sub-0014_task-thermalactive_run-5_eeg: gamma notch 0.483 / declared 0.517 / lines 0.917 / combsub 0.925 / linesdecl 0.901 | comb -0.46 / -6.90 / +0.24 / +0.34
[  6501.1s] [84/90] sub-0014_task-thermalactive_run-6_eeg: gamma notch 0.474 / declared 0.516 / lines 0.911 / combsub 0.941 / linesdecl 0.911 | comb -0.20 / -6.35 / +0.44 / +0.56
[  6626.5s] [85/90] sub-0015_task-thermalactive_run-1_eeg: gamma notch 0.517 / declared 0.576 / lines 0.935 / combsub 0.945 / linesdecl 0.909 | comb -0.31 / -7.16 / -0.07 / +0.02
[  6654.7s] [86/90] sub-0015_task-thermalactive_run-2_eeg: gamma notch 0.490 / declared 0.618 / lines 0.912 / combsub 0.904 / linesdecl 0.912 | comb -0.27 / -6.90 / +0.18 / +0.43
[  6740.1s] [87/90] sub-0015_task-thermalactive_run-3_eeg: gamma notch 0.496 / declared 0.604 / lines 0.920 / combsub 0.927 / linesdecl 0.901 | comb -0.42 / -6.93 / -0.00 / +0.07
[  6843.4s] [88/90] sub-0015_task-thermalactive_run-4_eeg: gamma notch 0.802 / declared 0.551 / lines 0.939 / combsub 0.937 / linesdecl 0.935 | comb +0.16 / -6.84 / -0.23 / +0.41
[  6899.5s] [89/90] sub-0015_task-thermalactive_run-5_eeg: gamma notch 0.513 / declared 0.606 / lines 0.918 / combsub 0.918 / linesdecl 0.918 | comb -0.50 / -7.07 / -0.04 / +0.47
[  6955.9s] [90/90] sub-0015_task-thermalactive_run-6_eeg: gamma notch 0.745 / declared 0.550 / lines 0.945 / combsub 0.926 / linesdecl 0.939 | comb -4.94 / -6.73 / +0.29 / +0.51
[  6956.1s] done
